// Jest Snapshot v1, https://goo.gl/fbAQLP

exports[`Basic Components Button should match snapshot 1`] = `
.c0 {
  cursor: pointer;
}

<Component>
  <styled.div>
    <StyledComponent
      forwardedComponent={
        Object {
          "$$typeof": Symbol(react.forward_ref),
          "attrs": Array [],
          "componentStyle": ComponentStyle {
            "componentId": "sc-bdVaJa",
            "isStatic": true,
            "lastClassName": "c0",
            "rules": Array [
              "
    cursor: pointer;
",
            ],
          },
          "displayName": "styled.div",
          "foldedComponentIds": Array [],
          "render": [Function],
          "styledComponentId": "sc-bdVaJa",
          "target": "div",
          "toString": [Function],
          "warnTooManyClasses": [Function],
          "withComponent": [Function],
        }
      }
      forwardedRef={null}
    >
      <div
        className="c0"
      >
        Test
      </div>
    </StyledComponent>
  </styled.div>
</Component>
`;
