// Jest Snapshot v1, https://goo.gl/fbAQLP

exports[`Navbar should match snapshot 1`] = `
<Navbar>
  <div
    className="navbar"
  >
    Navbar
  </div>
</Navbar>
`;
